// Jest Snapshot v1, https://goo.gl/fbAQLP

exports[`<MapContainer/> renders correctly 1`] = `
<withGoogleMap(Map)
  containerElement={
    <WithStyles(Paper)
      className="container"
    />
  }
  mapElement={
    <div
      className="map"
    />
  }
  onLoad={[Function]}
  result={
    Object {
      "test": "stuff",
    }
  }
/>
`;
